// Jest Snapshot v1, https://goo.gl/fbAQLP

exports[`AppComponent render should render default 1`] = `
<div
  className="AppComponent"
>
  <div>
    <p>
      Unser Menue
    </p>
    <p>
      NotToggled
    </p>
    <button
      onClick={[Function]}
    >
      Toggle
    </button>
    <input
      onChange={[Function]}
      type="text"
    />
    <p>
      Value: 
      
    </p>
    <p>
      ViewModel Name: 
      
    </p>
  </div>
  <h1>
    Hallo Welt.
  </h1>
  <h2>
    
  </h2>
  <p>
    Lorem ipsum dolor sit amet, consetetur sadipscing elitr, sed diam nonumy eirmod tempor invidunt ut labore et dolore magna aliquyam erat, sed diam voluptua. At vero eos et accusam et justo duo dolores et ea rebum. Stet clita kasd gubergren, no sea takimata sanctus est Lorem ipsum dolor sit amet. Lorem ipsum dolor sit amet, consetetur sadipscing elitr, sed diam nonumy eirmod tempor invidunt ut labore et dolore magna aliquyam erat, sed diam voluptua. At vero eos et accusam et justo duo dolores et ea rebum. Stet clita kasd gubergren, no sea takimata sanctus est Lorem ipsum dolor sit amet.
  </p>
  <h2>
    Das Gef√ºge der Katastrophen
  </h2>
  <p>
    Lorem ipsum dolor sit amet, consetetur sadipscing elitr, sed diam nonumy eirmod tempor invidunt ut labore et dolore magna aliquyam erat, sed diam voluptua. At vero eos et accusam et justo duo dolores et ea rebum. Stet clita kasd gubergren, no sea takimata sanctus est Lorem ipsum dolor sit amet. Lorem ipsum dolor sit amet, consetetur sadipscing elitr, sed diam nonumy eirmod tempor invidunt ut labore et dolore magna aliquyam erat, sed diam voluptua. At vero eos et accusam et justo duo dolores et ea rebum. Stet clita kasd gubergren, no sea takimata sanctus est Lorem ipsum dolor sit amet?
    <img
      alt="Emoji nachdenklich"
      height={18}
      src="test-file-stub"
      width={18}
    />
  </p>
</div>
`;
